Analysis & Synthesis report for Lab3_BUCUR_S
Sat Mar 07 02:36:11 2020
Quartus Prime Version 18.1.0 Build 625 09/12/2018 SJ Lite Edition


---------------------
; Table of Contents ;
---------------------
  1. Legal Notice
  2. Analysis & Synthesis Summary
  3. Analysis & Synthesis Settings
  4. Parallel Compilation
  5. Analysis & Synthesis Source Files Read
  6. Analysis & Synthesis Resource Usage Summary
  7. Analysis & Synthesis Resource Utilization by Entity
  8. State Machine - |Lab3_BUCUR_S|bshaper:acc_button|currentstate
  9. State Machine - |Lab3_BUCUR_S|bshaper:player_button|currentstate
 10. Registers Removed During Synthesis
 11. Removed Registers Triggering Further Register Optimizations
 12. General Register Statistics
 13. Inverted Register Statistics
 14. Multiplexer Restructuring Statistics (Restructuring Performed)
 15. Parameter Settings for User Entity Instance: loadreg:player_num
 16. Parameter Settings for User Entity Instance: access:acc_ctl
 17. Parameter Settings for User Entity Instance: bshaper:player_button
 18. Parameter Settings for User Entity Instance: bshaper:acc_button
 19. Port Connectivity Checks: "access:acc_ctl"
 20. Post-Synthesis Netlist Statistics for Top Partition
 21. Elapsed Time Per Partition
 22. Analysis & Synthesis Messages



----------------
; Legal Notice ;
----------------
Copyright (C) 2018  Intel Corporation. All rights reserved.
Your use of Intel Corporation's design tools, logic functions 
and other software and tools, and its AMPP partner logic 
functions, and any output files from any of the foregoing 
(including device programming or simulation files), and any 
associated documentation or information are expressly subject 
to the terms and conditions of the Intel Program License 
Subscription Agreement, the Intel Quartus Prime License Agreement,
the Intel FPGA IP License Agreement, or other applicable license
agreement, including, without limitation, that your use is for
the sole purpose of programming logic devices manufactured by
Intel and sold by Intel or its authorized distributors.  Please
refer to the applicable agreement for further details.



+----------------------------------------------------------------------------------+
; Analysis & Synthesis Summary                                                     ;
+------------------------------------+---------------------------------------------+
; Analysis & Synthesis Status        ; Successful - Sat Mar 07 02:36:11 2020       ;
; Quartus Prime Version              ; 18.1.0 Build 625 09/12/2018 SJ Lite Edition ;
; Revision Name                      ; Lab3_BUCUR_S                                ;
; Top-level Entity Name              ; Lab3_BUCUR_S                                ;
; Family                             ; Cyclone IV E                                ;
; Total logic elements               ; 149                                         ;
;     Total combinational functions  ; 149                                         ;
;     Dedicated logic registers      ; 66                                          ;
; Total registers                    ; 66                                          ;
; Total pins                         ; 61                                          ;
; Total virtual pins                 ; 0                                           ;
; Total memory bits                  ; 0                                           ;
; Embedded Multiplier 9-bit elements ; 0                                           ;
; Total PLLs                         ; 0                                           ;
+------------------------------------+---------------------------------------------+


+------------------------------------------------------------------------------------------------------------+
; Analysis & Synthesis Settings                                                                              ;
+------------------------------------------------------------------+--------------------+--------------------+
; Option                                                           ; Setting            ; Default Value      ;
+------------------------------------------------------------------+--------------------+--------------------+
; Device                                                           ; EP4CE115F29C7      ;                    ;
; Top-level entity name                                            ; Lab3_BUCUR_S       ; Lab3_BUCUR_S       ;
; Family name                                                      ; Cyclone IV E       ; Cyclone V          ;
; Use smart compilation                                            ; Off                ; Off                ;
; Enable parallel Assembler and Timing Analyzer during compilation ; On                 ; On                 ;
; Enable compact report table                                      ; Off                ; Off                ;
; Restructure Multiplexers                                         ; Auto               ; Auto               ;
; Create Debugging Nodes for IP Cores                              ; Off                ; Off                ;
; Preserve fewer node names                                        ; On                 ; On                 ;
; Intel FPGA IP Evaluation Mode                                    ; Enable             ; Enable             ;
; Verilog Version                                                  ; Verilog_2001       ; Verilog_2001       ;
; VHDL Version                                                     ; VHDL_1993          ; VHDL_1993          ;
; State Machine Processing                                         ; Auto               ; Auto               ;
; Safe State Machine                                               ; Off                ; Off                ;
; Extract Verilog State Machines                                   ; On                 ; On                 ;
; Extract VHDL State Machines                                      ; On                 ; On                 ;
; Ignore Verilog initial constructs                                ; Off                ; Off                ;
; Iteration limit for constant Verilog loops                       ; 5000               ; 5000               ;
; Iteration limit for non-constant Verilog loops                   ; 250                ; 250                ;
; Add Pass-Through Logic to Inferred RAMs                          ; On                 ; On                 ;
; Infer RAMs from Raw Logic                                        ; On                 ; On                 ;
; Parallel Synthesis                                               ; On                 ; On                 ;
; DSP Block Balancing                                              ; Auto               ; Auto               ;
; NOT Gate Push-Back                                               ; On                 ; On                 ;
; Power-Up Don't Care                                              ; On                 ; On                 ;
; Remove Redundant Logic Cells                                     ; Off                ; Off                ;
; Remove Duplicate Registers                                       ; On                 ; On                 ;
; Ignore CARRY Buffers                                             ; Off                ; Off                ;
; Ignore CASCADE Buffers                                           ; Off                ; Off                ;
; Ignore GLOBAL Buffers                                            ; Off                ; Off                ;
; Ignore ROW GLOBAL Buffers                                        ; Off                ; Off                ;
; Ignore LCELL Buffers                                             ; Off                ; Off                ;
; Ignore SOFT Buffers                                              ; On                 ; On                 ;
; Limit AHDL Integers to 32 Bits                                   ; Off                ; Off                ;
; Optimization Technique                                           ; Balanced           ; Balanced           ;
; Carry Chain Length                                               ; 70                 ; 70                 ;
; Auto Carry Chains                                                ; On                 ; On                 ;
; Auto Open-Drain Pins                                             ; On                 ; On                 ;
; Perform WYSIWYG Primitive Resynthesis                            ; Off                ; Off                ;
; Auto ROM Replacement                                             ; On                 ; On                 ;
; Auto RAM Replacement                                             ; On                 ; On                 ;
; Auto DSP Block Replacement                                       ; On                 ; On                 ;
; Auto Shift Register Replacement                                  ; Auto               ; Auto               ;
; Allow Shift Register Merging across Hierarchies                  ; Auto               ; Auto               ;
; Auto Clock Enable Replacement                                    ; On                 ; On                 ;
; Strict RAM Replacement                                           ; Off                ; Off                ;
; Allow Synchronous Control Signals                                ; On                 ; On                 ;
; Force Use of Synchronous Clear Signals                           ; Off                ; Off                ;
; Auto RAM Block Balancing                                         ; On                 ; On                 ;
; Auto RAM to Logic Cell Conversion                                ; Off                ; Off                ;
; Auto Resource Sharing                                            ; Off                ; Off                ;
; Allow Any RAM Size For Recognition                               ; Off                ; Off                ;
; Allow Any ROM Size For Recognition                               ; Off                ; Off                ;
; Allow Any Shift Register Size For Recognition                    ; Off                ; Off                ;
; Use LogicLock Constraints during Resource Balancing              ; On                 ; On                 ;
; Ignore translate_off and synthesis_off directives                ; Off                ; Off                ;
; Timing-Driven Synthesis                                          ; On                 ; On                 ;
; Report Parameter Settings                                        ; On                 ; On                 ;
; Report Source Assignments                                        ; On                 ; On                 ;
; Report Connectivity Checks                                       ; On                 ; On                 ;
; Ignore Maximum Fan-Out Assignments                               ; Off                ; Off                ;
; Synchronization Register Chain Length                            ; 2                  ; 2                  ;
; Power Optimization During Synthesis                              ; Normal compilation ; Normal compilation ;
; HDL message level                                                ; Level2             ; Level2             ;
; Suppress Register Optimization Related Messages                  ; Off                ; Off                ;
; Number of Removed Registers Reported in Synthesis Report         ; 5000               ; 5000               ;
; Number of Swept Nodes Reported in Synthesis Report               ; 5000               ; 5000               ;
; Number of Inverted Registers Reported in Synthesis Report        ; 100                ; 100                ;
; Clock MUX Protection                                             ; On                 ; On                 ;
; Auto Gated Clock Conversion                                      ; Off                ; Off                ;
; Block Design Naming                                              ; Auto               ; Auto               ;
; SDC constraint protection                                        ; Off                ; Off                ;
; Synthesis Effort                                                 ; Auto               ; Auto               ;
; Shift Register Replacement - Allow Asynchronous Clear Signal     ; On                 ; On                 ;
; Pre-Mapping Resynthesis Optimization                             ; Off                ; Off                ;
; Analysis & Synthesis Message Level                               ; Medium             ; Medium             ;
; Disable Register Merging Across Hierarchies                      ; Auto               ; Auto               ;
; Resource Aware Inference For Block RAM                           ; On                 ; On                 ;
+------------------------------------------------------------------+--------------------+--------------------+


+------------------------------------------+
; Parallel Compilation                     ;
+----------------------------+-------------+
; Processors                 ; Number      ;
+----------------------------+-------------+
; Number detected on machine ; 12          ;
; Maximum allowed            ; 12          ;
;                            ;             ;
; Average used               ; 1.00        ;
; Maximum used               ; 12          ;
;                            ;             ;
; Usage by Processor         ; % Time Used ;
;     Processor 1            ; 100.0%      ;
;     Processor 2            ;   0.0%      ;
;     Processors 3-12        ;   0.0%      ;
+----------------------------+-------------+


+------------------------------------------------------------------------------------------------------------------------------------------------+
; Analysis & Synthesis Source Files Read                                                                                                         ;
+----------------------------------+-----------------+------------------------+--------------------------------------------------------+---------+
; File Name with User-Entered Path ; Used in Netlist ; File Type              ; File Name with Absolute Path                           ; Library ;
+----------------------------------+-----------------+------------------------+--------------------------------------------------------+---------+
; ../src/timer_1ms.v               ; yes             ; User Verilog HDL File  ; C:/intelFPGA_lite/18.1/Lab3_BUCUR_S/src/timer_1ms.v    ;         ;
; ../src/secTimer.v                ; yes             ; User Verilog HDL File  ; C:/intelFPGA_lite/18.1/Lab3_BUCUR_S/src/secTimer.v     ;         ;
; ../src/digitTimer_2.v            ; yes             ; User Verilog HDL File  ; C:/intelFPGA_lite/18.1/Lab3_BUCUR_S/src/digitTimer_2.v ;         ;
; ../src/digitTimer.v              ; yes             ; User Verilog HDL File  ; C:/intelFPGA_lite/18.1/Lab3_BUCUR_S/src/digitTimer.v   ;         ;
; ../src/cnt1000.v                 ; yes             ; User Verilog HDL File  ; C:/intelFPGA_lite/18.1/Lab3_BUCUR_S/src/cnt1000.v      ;         ;
; ../src/trng.v                    ; yes             ; User Verilog HDL File  ; C:/intelFPGA_lite/18.1/Lab3_BUCUR_S/src/trng.v         ;         ;
; ../src/loadreg.v                 ; yes             ; User Verilog HDL File  ; C:/intelFPGA_lite/18.1/Lab3_BUCUR_S/src/loadreg.v      ;         ;
; ../src/Lab3_BUCUR_S.v            ; yes             ; User Verilog HDL File  ; C:/intelFPGA_lite/18.1/Lab3_BUCUR_S/src/Lab3_BUCUR_S.v ;         ;
; ../src/decoder7.v                ; yes             ; User Verilog HDL File  ; C:/intelFPGA_lite/18.1/Lab3_BUCUR_S/src/decoder7.v     ;         ;
; ../src/cnt4.v                    ; yes             ; User Verilog HDL File  ; C:/intelFPGA_lite/18.1/Lab3_BUCUR_S/src/cnt4.v         ;         ;
; ../src/check.v                   ; yes             ; User Verilog HDL File  ; C:/intelFPGA_lite/18.1/Lab3_BUCUR_S/src/check.v        ;         ;
; ../src/bshaper.v                 ; yes             ; User Verilog HDL File  ; C:/intelFPGA_lite/18.1/Lab3_BUCUR_S/src/bshaper.v      ;         ;
; ../src/adder.v                   ; yes             ; User Verilog HDL File  ; C:/intelFPGA_lite/18.1/Lab3_BUCUR_S/src/adder.v        ;         ;
; ../src/access.v                  ; yes             ; User Verilog HDL File  ; C:/intelFPGA_lite/18.1/Lab3_BUCUR_S/src/access.v       ;         ;
+----------------------------------+-----------------+------------------------+--------------------------------------------------------+---------+


+-----------------------------------------------------------+
; Analysis & Synthesis Resource Usage Summary               ;
+---------------------------------------------+-------------+
; Resource                                    ; Usage       ;
+---------------------------------------------+-------------+
; Estimated Total logic elements              ; 149         ;
;                                             ;             ;
; Total combinational functions               ; 149         ;
; Logic element usage by number of LUT inputs ;             ;
;     -- 4 input functions                    ; 77          ;
;     -- 3 input functions                    ; 20          ;
;     -- <=2 input functions                  ; 52          ;
;                                             ;             ;
; Logic elements by mode                      ;             ;
;     -- normal mode                          ; 109         ;
;     -- arithmetic mode                      ; 40          ;
;                                             ;             ;
; Total registers                             ; 66          ;
;     -- Dedicated logic registers            ; 66          ;
;     -- I/O registers                        ; 0           ;
;                                             ;             ;
; I/O pins                                    ; 61          ;
;                                             ;             ;
; Embedded Multiplier 9-bit elements          ; 0           ;
;                                             ;             ;
; Maximum fan-out node                        ; CLOCK~input ;
; Maximum fan-out                             ; 43          ;
; Total fan-out                               ; 774         ;
; Average fan-out                             ; 2.30        ;
+---------------------------------------------+-------------+


+----------------------------------------------------------------------------------------------------------------------------------------------------------------------------------------------------------------------------------------+
; Analysis & Synthesis Resource Utilization by Entity                                                                                                                                                                                    ;
+----------------------------+---------------------+---------------------------+-------------+--------------+---------+-----------+------+--------------+--------------------------------------------------+--------------+--------------+
; Compilation Hierarchy Node ; Combinational ALUTs ; Dedicated Logic Registers ; Memory Bits ; DSP Elements ; DSP 9x9 ; DSP 18x18 ; Pins ; Virtual Pins ; Full Hierarchy Name                              ; Entity Name  ; Library Name ;
+----------------------------+---------------------+---------------------------+-------------+--------------+---------+-----------+------+--------------+--------------------------------------------------+--------------+--------------+
; |Lab3_BUCUR_S              ; 149 (0)             ; 66 (0)                    ; 0           ; 0            ; 0       ; 0         ; 61   ; 0            ; |Lab3_BUCUR_S                                    ; Lab3_BUCUR_S ; work         ;
;    |access:acc_ctl|        ; 29 (29)             ; 8 (8)                     ; 0           ; 0            ; 0       ; 0         ; 0    ; 0            ; |Lab3_BUCUR_S|access:acc_ctl                     ; access       ; work         ;
;    |bshaper:acc_button|    ; 2 (2)               ; 2 (2)                     ; 0           ; 0            ; 0       ; 0         ; 0    ; 0            ; |Lab3_BUCUR_S|bshaper:acc_button                 ; bshaper      ; work         ;
;    |decoder7:one_dec|      ; 7 (7)               ; 0 (0)                     ; 0           ; 0            ; 0       ; 0         ; 0    ; 0            ; |Lab3_BUCUR_S|decoder7:one_dec                   ; decoder7     ; work         ;
;    |decoder7:ten_dec|      ; 7 (7)               ; 0 (0)                     ; 0           ; 0            ; 0       ; 0         ; 0    ; 0            ; |Lab3_BUCUR_S|decoder7:ten_dec                   ; decoder7     ; work         ;
;    |digitTimer_2:timer|    ; 45 (0)              ; 12 (0)                    ; 0           ; 0            ; 0       ; 0         ; 0    ; 0            ; |Lab3_BUCUR_S|digitTimer_2:timer                 ; digitTimer_2 ; work         ;
;       |digitTimer:ones|    ; 23 (23)             ; 6 (6)                     ; 0           ; 0            ; 0       ; 0         ; 0    ; 0            ; |Lab3_BUCUR_S|digitTimer_2:timer|digitTimer:ones ; digitTimer   ; work         ;
;       |digitTimer:tens|    ; 22 (22)             ; 6 (6)                     ; 0           ; 0            ; 0       ; 0         ; 0    ; 0            ; |Lab3_BUCUR_S|digitTimer_2:timer|digitTimer:tens ; digitTimer   ; work         ;
;    |secTimer:timer_clk|    ; 59 (0)              ; 44 (0)                    ; 0           ; 0            ; 0       ; 0         ; 0    ; 0            ; |Lab3_BUCUR_S|secTimer:timer_clk                 ; secTimer     ; work         ;
;       |cnt1000:counter|    ; 14 (14)             ; 11 (11)                   ; 0           ; 0            ; 0       ; 0         ; 0    ; 0            ; |Lab3_BUCUR_S|secTimer:timer_clk|cnt1000:counter ; cnt1000      ; work         ;
;       |timer_1ms:timer|    ; 45 (45)             ; 33 (33)                   ; 0           ; 0            ; 0       ; 0         ; 0    ; 0            ; |Lab3_BUCUR_S|secTimer:timer_clk|timer_1ms:timer ; timer_1ms    ; work         ;
+----------------------------+---------------------+---------------------------+-------------+--------------+---------+-----------+------+--------------+--------------------------------------------------+--------------+--------------+
Note: For table entries with two numbers listed, the numbers in parentheses indicate the number of resources of the given type used by the specific entity alone. The numbers listed outside of parentheses indicate the total resources of the given type used by the specific entity and all of its sub-entities in the hierarchy.


Encoding Type:  One-Hot
+-------------------------------------------------------------------------------+
; State Machine - |Lab3_BUCUR_S|bshaper:acc_button|currentstate                 ;
+-------------------+-------------------+-------------------+-------------------+
; Name              ; currentstate.Init ; currentstate.Wait ; currentstate.Edge ;
+-------------------+-------------------+-------------------+-------------------+
; currentstate.Init ; 0                 ; 0                 ; 0                 ;
; currentstate.Edge ; 1                 ; 0                 ; 1                 ;
; currentstate.Wait ; 1                 ; 1                 ; 0                 ;
+-------------------+-------------------+-------------------+-------------------+


Encoding Type:  One-Hot
+-------------------------------------------------------------------------------+
; State Machine - |Lab3_BUCUR_S|bshaper:player_button|currentstate              ;
+-------------------+-------------------+-------------------+-------------------+
; Name              ; currentstate.Init ; currentstate.Wait ; currentstate.Edge ;
+-------------------+-------------------+-------------------+-------------------+
; currentstate.Init ; 0                 ; 0                 ; 0                 ;
; currentstate.Edge ; 1                 ; 0                 ; 1                 ;
; currentstate.Wait ; 1                 ; 1                 ; 0                 ;
+-------------------+-------------------+-------------------+-------------------+


+----------------------------------------------------------------------------------+
; Registers Removed During Synthesis                                               ;
+-----------------------------------------+----------------------------------------+
; Register name                           ; Reason for Removal                     ;
+-----------------------------------------+----------------------------------------+
; access:acc_ctl|loadreg_R_out            ; Stuck at VCC due to stuck port data_in ;
; access:acc_ctl|loadreg_1_out            ; Stuck at GND due to stuck port data_in ;
; trng:pbot|cnt4:counter|count[0..3]      ; Stuck at GND due to stuck port data_in ;
; bshaper:acc_button|currentstate.Wait    ; Lost fanout                            ;
; bshaper:player_button|currentstate.Edge ; Lost fanout                            ;
; bshaper:player_button|currentstate.Wait ; Lost fanout                            ;
; bshaper:player_button|currentstate.Init ; Lost fanout                            ;
; loadreg:player_num|data_out[0..3]       ; Stuck at GND due to stuck port data_in ;
; Total Number of Removed Registers = 14  ;                                        ;
+-----------------------------------------+----------------------------------------+


+------------------------------------------------------------------------------------------------------------------------------+
; Removed Registers Triggering Further Register Optimizations                                                                  ;
+------------------------------+---------------------------+-------------------------------------------------------------------+
; Register name                ; Reason for Removal        ; Registers Removed due to This Register                            ;
+------------------------------+---------------------------+-------------------------------------------------------------------+
; access:acc_ctl|loadreg_R_out ; Stuck at VCC              ; trng:pbot|cnt4:counter|count[0], trng:pbot|cnt4:counter|count[1], ;
;                              ; due to stuck port data_in ; trng:pbot|cnt4:counter|count[2], trng:pbot|cnt4:counter|count[3]  ;
; access:acc_ctl|loadreg_1_out ; Stuck at GND              ; loadreg:player_num|data_out[0], loadreg:player_num|data_out[1],   ;
;                              ; due to stuck port data_in ; loadreg:player_num|data_out[2], loadreg:player_num|data_out[3]    ;
+------------------------------+---------------------------+-------------------------------------------------------------------+


+------------------------------------------------------+
; General Register Statistics                          ;
+----------------------------------------------+-------+
; Statistic                                    ; Value ;
+----------------------------------------------+-------+
; Total registers                              ; 66    ;
; Number of registers using Synchronous Clear  ; 48    ;
; Number of registers using Synchronous Load   ; 2     ;
; Number of registers using Asynchronous Clear ; 12    ;
; Number of registers using Asynchronous Load  ; 0     ;
; Number of registers using Clock Enable       ; 32    ;
; Number of registers using Preset             ; 0     ;
+----------------------------------------------+-------+


+--------------------------------------------------------+
; Inverted Register Statistics                           ;
+----------------------------------------------+---------+
; Inverted Register                            ; Fan out ;
+----------------------------------------------+---------+
; digitTimer_2:timer|digitTimer:tens|borrow_up ; 4       ;
; digitTimer_2:timer|digitTimer:ones|borrow_up ; 6       ;
; Total number of inverted registers = 2       ;         ;
+----------------------------------------------+---------+


+-------------------------------------------------------------------------------------------------------------------------------------------------------------------------+
; Multiplexer Restructuring Statistics (Restructuring Performed)                                                                                                          ;
+--------------------+-----------+---------------+----------------------+------------------------+------------+-----------------------------------------------------------+
; Multiplexer Inputs ; Bus Width ; Baseline Area ; Area if Restructured ; Saving if Restructured ; Registered ; Example Multiplexer Output                                ;
+--------------------+-----------+---------------+----------------------+------------------------+------------+-----------------------------------------------------------+
; 3:1                ; 4 bits    ; 8 LEs         ; 4 LEs                ; 4 LEs                  ; Yes        ; |Lab3_BUCUR_S|loadreg:player_num|data_out[2]              ;
; 3:1                ; 10 bits   ; 20 LEs        ; 10 LEs               ; 10 LEs                 ; Yes        ; |Lab3_BUCUR_S|secTimer:timer_clk|cnt1000:counter|cnt[9]   ;
; 4:1                ; 32 bits   ; 64 LEs        ; 32 LEs               ; 32 LEs                 ; Yes        ; |Lab3_BUCUR_S|secTimer:timer_clk|timer_1ms:timer|cnt[24]  ;
; 3:1                ; 4 bits    ; 8 LEs         ; 4 LEs                ; 4 LEs                  ; Yes        ; |Lab3_BUCUR_S|digitTimer_2:timer|digitTimer:tens|count[3] ;
; 3:1                ; 4 bits    ; 8 LEs         ; 4 LEs                ; 4 LEs                  ; Yes        ; |Lab3_BUCUR_S|digitTimer_2:timer|digitTimer:ones|count[1] ;
+--------------------+-----------+---------------+----------------------+------------------------+------------+-----------------------------------------------------------+


+-----------------------------------------------------------------+
; Parameter Settings for User Entity Instance: loadreg:player_num ;
+----------------+-------+----------------------------------------+
; Parameter Name ; Value ; Type                                   ;
+----------------+-------+----------------------------------------+
; Store          ; 0     ; Unsigned Binary                        ;
; Load           ; 1     ; Unsigned Binary                        ;
+----------------+-------+----------------------------------------+
Note: In order to hide this table in the UI and the text report file, please set the "Show Parameter Settings in Synthesis Report" option in "Analysis and Synthesis Settings -> More Settings" to "Off".


+-------------------------------------------------------------+
; Parameter Settings for User Entity Instance: access:acc_ctl ;
+----------------+-------+------------------------------------+
; Parameter Name ; Value ; Type                               ;
+----------------+-------+------------------------------------+
; Digit_1        ; 001   ; Unsigned Binary                    ;
; Digit_2        ; 010   ; Unsigned Binary                    ;
; Digit_3        ; 011   ; Unsigned Binary                    ;
; Digit_4        ; 100   ; Unsigned Binary                    ;
; OK             ; 101   ; Unsigned Binary                    ;
; SET            ; 110   ; Unsigned Binary                    ;
; PLAY           ; 111   ; Unsigned Binary                    ;
+----------------+-------+------------------------------------+
Note: In order to hide this table in the UI and the text report file, please set the "Show Parameter Settings in Synthesis Report" option in "Analysis and Synthesis Settings -> More Settings" to "Off".


+--------------------------------------------------------------------+
; Parameter Settings for User Entity Instance: bshaper:player_button ;
+----------------+-------+-------------------------------------------+
; Parameter Name ; Value ; Type                                      ;
+----------------+-------+-------------------------------------------+
; Init           ; 00    ; Unsigned Binary                           ;
; Edge           ; 01    ; Unsigned Binary                           ;
; Wait           ; 10    ; Unsigned Binary                           ;
+----------------+-------+-------------------------------------------+
Note: In order to hide this table in the UI and the text report file, please set the "Show Parameter Settings in Synthesis Report" option in "Analysis and Synthesis Settings -> More Settings" to "Off".


+-----------------------------------------------------------------+
; Parameter Settings for User Entity Instance: bshaper:acc_button ;
+----------------+-------+----------------------------------------+
; Parameter Name ; Value ; Type                                   ;
+----------------+-------+----------------------------------------+
; Init           ; 00    ; Unsigned Binary                        ;
; Edge           ; 01    ; Unsigned Binary                        ;
; Wait           ; 10    ; Unsigned Binary                        ;
+----------------+-------+----------------------------------------+
Note: In order to hide this table in the UI and the text report file, please set the "Show Parameter Settings in Synthesis Report" option in "Analysis and Synthesis Settings -> More Settings" to "Off".


+------------------------------------------------------------------------------------------------------------------------+
; Port Connectivity Checks: "access:acc_ctl"                                                                             ;
+--------------+--------+----------+-------------------------------------------------------------------------------------+
; Port         ; Type   ; Severity ; Details                                                                             ;
+--------------+--------+----------+-------------------------------------------------------------------------------------+
; currentstate ; Output ; Info     ; Connected to dangling logic. Logic that only feeds a dangling port will be removed. ;
+--------------+--------+----------+-------------------------------------------------------------------------------------+


+-----------------------------------------------------+
; Post-Synthesis Netlist Statistics for Top Partition ;
+-----------------------+-----------------------------+
; Type                  ; Count                       ;
+-----------------------+-----------------------------+
; boundary_port         ; 61                          ;
; cycloneiii_ff         ; 66                          ;
;     CLR               ; 12                          ;
;     ENA SCLR          ; 32                          ;
;     SCLR              ; 16                          ;
;     SLD               ; 2                           ;
;     plain             ; 4                           ;
; cycloneiii_lcell_comb ; 154                         ;
;     arith             ; 40                          ;
;         2 data inputs ; 40                          ;
;     normal            ; 114                         ;
;         0 data inputs ; 2                           ;
;         1 data inputs ; 5                           ;
;         2 data inputs ; 10                          ;
;         3 data inputs ; 20                          ;
;         4 data inputs ; 77                          ;
;                       ;                             ;
; Max LUT depth         ; 5.00                        ;
; Average LUT depth     ; 3.06                        ;
+-----------------------+-----------------------------+


+-------------------------------+
; Elapsed Time Per Partition    ;
+----------------+--------------+
; Partition Name ; Elapsed Time ;
+----------------+--------------+
; Top            ; 00:00:01     ;
+----------------+--------------+


+-------------------------------+
; Analysis & Synthesis Messages ;
+-------------------------------+
Info: *******************************************************************
Info: Running Quartus Prime Analysis & Synthesis
    Info: Version 18.1.0 Build 625 09/12/2018 SJ Lite Edition
    Info: Processing started: Sat Mar 07 02:36:00 2020
Info: Command: quartus_map --read_settings_files=on --write_settings_files=off Lab3_BUCUR_S -c Lab3_BUCUR_S
Warning (18236): Number of processors has not been specified which may cause overloading on shared machines.  Set the global assignment NUM_PARALLEL_PROCESSORS in your QSF to an appropriate value for best performance.
Info (20030): Parallel compilation is enabled and will use 12 of the 12 processors detected
Info (12021): Found 1 design units, including 1 entities, in source file /intelfpga_lite/18.1/lab3_bucur_s/src/timer_1ms.v
    Info (12023): Found entity 1: timer_1ms File: C:/intelFPGA_lite/18.1/Lab3_BUCUR_S/src/timer_1ms.v Line: 7
Info (12021): Found 1 design units, including 1 entities, in source file /intelfpga_lite/18.1/lab3_bucur_s/src/sectimer.v
    Info (12023): Found entity 1: secTimer File: C:/intelFPGA_lite/18.1/Lab3_BUCUR_S/src/secTimer.v Line: 6
Info (12021): Found 1 design units, including 1 entities, in source file /intelfpga_lite/18.1/lab3_bucur_s/src/digittimer_2.v
    Info (12023): Found entity 1: digitTimer_2 File: C:/intelFPGA_lite/18.1/Lab3_BUCUR_S/src/digitTimer_2.v Line: 12
Info (12021): Found 1 design units, including 1 entities, in source file /intelfpga_lite/18.1/lab3_bucur_s/src/digittimer.v
    Info (12023): Found entity 1: digitTimer File: C:/intelFPGA_lite/18.1/Lab3_BUCUR_S/src/digitTimer.v Line: 20
Info (12021): Found 1 design units, including 1 entities, in source file /intelfpga_lite/18.1/lab3_bucur_s/src/cnt1000.v
    Info (12023): Found entity 1: cnt1000 File: C:/intelFPGA_lite/18.1/Lab3_BUCUR_S/src/cnt1000.v Line: 7
Info (12021): Found 1 design units, including 1 entities, in source file /intelfpga_lite/18.1/lab3_bucur_s/src/trng.v
    Info (12023): Found entity 1: trng File: C:/intelFPGA_lite/18.1/Lab3_BUCUR_S/src/trng.v Line: 6
Info (12021): Found 1 design units, including 1 entities, in source file /intelfpga_lite/18.1/lab3_bucur_s/src/loadreg.v
    Info (12023): Found entity 1: loadreg File: C:/intelFPGA_lite/18.1/Lab3_BUCUR_S/src/loadreg.v Line: 8
Info (12021): Found 1 design units, including 1 entities, in source file /intelfpga_lite/18.1/lab3_bucur_s/src/lab3_bucur_s.v
    Info (12023): Found entity 1: Lab3_BUCUR_S File: C:/intelFPGA_lite/18.1/Lab3_BUCUR_S/src/Lab3_BUCUR_S.v Line: 7
Info (12021): Found 1 design units, including 1 entities, in source file /intelfpga_lite/18.1/lab3_bucur_s/src/decoder7.v
    Info (12023): Found entity 1: decoder7 File: C:/intelFPGA_lite/18.1/Lab3_BUCUR_S/src/decoder7.v Line: 17
Info (12021): Found 1 design units, including 1 entities, in source file /intelfpga_lite/18.1/lab3_bucur_s/src/cnt4.v
    Info (12023): Found entity 1: cnt4 File: C:/intelFPGA_lite/18.1/Lab3_BUCUR_S/src/cnt4.v Line: 6
Info (12021): Found 1 design units, including 1 entities, in source file /intelfpga_lite/18.1/lab3_bucur_s/src/check.v
    Info (12023): Found entity 1: check File: C:/intelFPGA_lite/18.1/Lab3_BUCUR_S/src/check.v Line: 8
Info (12021): Found 1 design units, including 1 entities, in source file /intelfpga_lite/18.1/lab3_bucur_s/src/button_press.v
    Info (12023): Found entity 1: button_press File: C:/intelFPGA_lite/18.1/Lab3_BUCUR_S/src/button_press.v Line: 11
Info (12021): Found 1 design units, including 1 entities, in source file /intelfpga_lite/18.1/lab3_bucur_s/src/bshaper.v
    Info (12023): Found entity 1: bshaper File: C:/intelFPGA_lite/18.1/Lab3_BUCUR_S/src/bshaper.v Line: 10
Info (12021): Found 1 design units, including 1 entities, in source file /intelfpga_lite/18.1/lab3_bucur_s/src/adder.v
    Info (12023): Found entity 1: adder File: C:/intelFPGA_lite/18.1/Lab3_BUCUR_S/src/adder.v Line: 6
Info (12021): Found 1 design units, including 1 entities, in source file /intelfpga_lite/18.1/lab3_bucur_s/src/access.v
    Info (12023): Found entity 1: access File: C:/intelFPGA_lite/18.1/Lab3_BUCUR_S/src/access.v Line: 9
Info (12127): Elaborating entity "Lab3_BUCUR_S" for the top level hierarchy
Info (12128): Elaborating entity "decoder7" for hierarchy "decoder7:bot_dec" File: C:/intelFPGA_lite/18.1/Lab3_BUCUR_S/src/Lab3_BUCUR_S.v Line: 36
Info (12128): Elaborating entity "adder" for hierarchy "adder:player_sum" File: C:/intelFPGA_lite/18.1/Lab3_BUCUR_S/src/Lab3_BUCUR_S.v Line: 42
Info (12128): Elaborating entity "check" for hierarchy "check:sum_result" File: C:/intelFPGA_lite/18.1/Lab3_BUCUR_S/src/Lab3_BUCUR_S.v Line: 43
Info (12128): Elaborating entity "trng" for hierarchy "trng:pbot" File: C:/intelFPGA_lite/18.1/Lab3_BUCUR_S/src/Lab3_BUCUR_S.v Line: 44
Info (12128): Elaborating entity "cnt4" for hierarchy "trng:pbot|cnt4:counter" File: C:/intelFPGA_lite/18.1/Lab3_BUCUR_S/src/trng.v Line: 20
Info (12128): Elaborating entity "loadreg" for hierarchy "loadreg:player_num" File: C:/intelFPGA_lite/18.1/Lab3_BUCUR_S/src/Lab3_BUCUR_S.v Line: 46
Info (12128): Elaborating entity "access" for hierarchy "access:acc_ctl" File: C:/intelFPGA_lite/18.1/Lab3_BUCUR_S/src/Lab3_BUCUR_S.v Line: 55
Info (12128): Elaborating entity "bshaper" for hierarchy "bshaper:player_button" File: C:/intelFPGA_lite/18.1/Lab3_BUCUR_S/src/Lab3_BUCUR_S.v Line: 57
Info (12128): Elaborating entity "digitTimer_2" for hierarchy "digitTimer_2:timer" File: C:/intelFPGA_lite/18.1/Lab3_BUCUR_S/src/Lab3_BUCUR_S.v Line: 64
Info (12128): Elaborating entity "digitTimer" for hierarchy "digitTimer_2:timer|digitTimer:tens" File: C:/intelFPGA_lite/18.1/Lab3_BUCUR_S/src/digitTimer_2.v Line: 31
Info (12128): Elaborating entity "secTimer" for hierarchy "secTimer:timer_clk" File: C:/intelFPGA_lite/18.1/Lab3_BUCUR_S/src/Lab3_BUCUR_S.v Line: 65
Info (12128): Elaborating entity "cnt1000" for hierarchy "secTimer:timer_clk|cnt1000:counter" File: C:/intelFPGA_lite/18.1/Lab3_BUCUR_S/src/secTimer.v Line: 11
Info (12128): Elaborating entity "timer_1ms" for hierarchy "secTimer:timer_clk|timer_1ms:timer" File: C:/intelFPGA_lite/18.1/Lab3_BUCUR_S/src/secTimer.v Line: 12
Info (13000): Registers with preset signals will power-up high File: C:/intelFPGA_lite/18.1/Lab3_BUCUR_S/src/digitTimer.v Line: 29
Info (13003): DEV_CLRn pin will set, and not reset, register with preset signal due to NOT Gate Push-Back
Warning (13004): Presettable and clearable registers converted to equivalent circuits with latches. Registers power-up to an undefined state, and DEVCLRn places the registers in an undefined state.
    Warning (13310): Register "digitTimer_2:timer|digitTimer:tens|count[0]" is converted into an equivalent circuit using register "digitTimer_2:timer|digitTimer:tens|count[0]~_emulated" and latch "digitTimer_2:timer|digitTimer:tens|count[0]~1" File: C:/intelFPGA_lite/18.1/Lab3_BUCUR_S/src/digitTimer.v Line: 56
    Warning (13310): Register "digitTimer_2:timer|digitTimer:tens|count[1]" is converted into an equivalent circuit using register "digitTimer_2:timer|digitTimer:tens|count[1]~_emulated" and latch "digitTimer_2:timer|digitTimer:tens|count[1]~5" File: C:/intelFPGA_lite/18.1/Lab3_BUCUR_S/src/digitTimer.v Line: 56
    Warning (13310): Register "digitTimer_2:timer|digitTimer:tens|count[2]" is converted into an equivalent circuit using register "digitTimer_2:timer|digitTimer:tens|count[2]~_emulated" and latch "digitTimer_2:timer|digitTimer:tens|count[2]~9" File: C:/intelFPGA_lite/18.1/Lab3_BUCUR_S/src/digitTimer.v Line: 56
    Warning (13310): Register "digitTimer_2:timer|digitTimer:tens|count[3]" is converted into an equivalent circuit using register "digitTimer_2:timer|digitTimer:tens|count[3]~_emulated" and latch "digitTimer_2:timer|digitTimer:tens|count[3]~13" File: C:/intelFPGA_lite/18.1/Lab3_BUCUR_S/src/digitTimer.v Line: 56
    Warning (13310): Register "digitTimer_2:timer|digitTimer:ones|count[0]" is converted into an equivalent circuit using register "digitTimer_2:timer|digitTimer:ones|count[0]~_emulated" and latch "digitTimer_2:timer|digitTimer:ones|count[0]~1" File: C:/intelFPGA_lite/18.1/Lab3_BUCUR_S/src/digitTimer.v Line: 56
    Warning (13310): Register "digitTimer_2:timer|digitTimer:ones|count[1]" is converted into an equivalent circuit using register "digitTimer_2:timer|digitTimer:ones|count[1]~_emulated" and latch "digitTimer_2:timer|digitTimer:ones|count[1]~5" File: C:/intelFPGA_lite/18.1/Lab3_BUCUR_S/src/digitTimer.v Line: 56
    Warning (13310): Register "digitTimer_2:timer|digitTimer:ones|count[2]" is converted into an equivalent circuit using register "digitTimer_2:timer|digitTimer:ones|count[2]~_emulated" and latch "digitTimer_2:timer|digitTimer:ones|count[2]~9" File: C:/intelFPGA_lite/18.1/Lab3_BUCUR_S/src/digitTimer.v Line: 56
    Warning (13310): Register "digitTimer_2:timer|digitTimer:ones|count[3]" is converted into an equivalent circuit using register "digitTimer_2:timer|digitTimer:ones|count[3]~_emulated" and latch "digitTimer_2:timer|digitTimer:ones|count[3]~13" File: C:/intelFPGA_lite/18.1/Lab3_BUCUR_S/src/digitTimer.v Line: 56
    Warning (13310): Register "digitTimer_2:timer|digitTimer:ones|noborrow_dn" is converted into an equivalent circuit using register "digitTimer_2:timer|digitTimer:ones|noborrow_dn~_emulated" and latch "digitTimer_2:timer|digitTimer:ones|noborrow_dn~1" File: C:/intelFPGA_lite/18.1/Lab3_BUCUR_S/src/digitTimer.v Line: 29
    Warning (13310): Register "digitTimer_2:timer|digitTimer:tens|noborrow_dn" is converted into an equivalent circuit using register "digitTimer_2:timer|digitTimer:tens|noborrow_dn~_emulated" and latch "digitTimer_2:timer|digitTimer:tens|noborrow_dn~1" File: C:/intelFPGA_lite/18.1/Lab3_BUCUR_S/src/digitTimer.v Line: 29
Warning (13024): Output pins are stuck at VCC or GND
    Warning (13410): Pin "bot_digit[0]" is stuck at GND File: C:/intelFPGA_lite/18.1/Lab3_BUCUR_S/src/Lab3_BUCUR_S.v Line: 25
    Warning (13410): Pin "bot_digit[1]" is stuck at GND File: C:/intelFPGA_lite/18.1/Lab3_BUCUR_S/src/Lab3_BUCUR_S.v Line: 25
    Warning (13410): Pin "bot_digit[2]" is stuck at GND File: C:/intelFPGA_lite/18.1/Lab3_BUCUR_S/src/Lab3_BUCUR_S.v Line: 25
    Warning (13410): Pin "bot_digit[3]" is stuck at GND File: C:/intelFPGA_lite/18.1/Lab3_BUCUR_S/src/Lab3_BUCUR_S.v Line: 25
    Warning (13410): Pin "bot_digit[4]" is stuck at GND File: C:/intelFPGA_lite/18.1/Lab3_BUCUR_S/src/Lab3_BUCUR_S.v Line: 25
    Warning (13410): Pin "bot_digit[5]" is stuck at GND File: C:/intelFPGA_lite/18.1/Lab3_BUCUR_S/src/Lab3_BUCUR_S.v Line: 25
    Warning (13410): Pin "bot_digit[6]" is stuck at VCC File: C:/intelFPGA_lite/18.1/Lab3_BUCUR_S/src/Lab3_BUCUR_S.v Line: 25
    Warning (13410): Pin "player_digit[0]" is stuck at GND File: C:/intelFPGA_lite/18.1/Lab3_BUCUR_S/src/Lab3_BUCUR_S.v Line: 25
    Warning (13410): Pin "player_digit[1]" is stuck at GND File: C:/intelFPGA_lite/18.1/Lab3_BUCUR_S/src/Lab3_BUCUR_S.v Line: 25
    Warning (13410): Pin "player_digit[2]" is stuck at GND File: C:/intelFPGA_lite/18.1/Lab3_BUCUR_S/src/Lab3_BUCUR_S.v Line: 25
    Warning (13410): Pin "player_digit[3]" is stuck at GND File: C:/intelFPGA_lite/18.1/Lab3_BUCUR_S/src/Lab3_BUCUR_S.v Line: 25
    Warning (13410): Pin "player_digit[4]" is stuck at GND File: C:/intelFPGA_lite/18.1/Lab3_BUCUR_S/src/Lab3_BUCUR_S.v Line: 25
    Warning (13410): Pin "player_digit[5]" is stuck at GND File: C:/intelFPGA_lite/18.1/Lab3_BUCUR_S/src/Lab3_BUCUR_S.v Line: 25
    Warning (13410): Pin "player_digit[6]" is stuck at VCC File: C:/intelFPGA_lite/18.1/Lab3_BUCUR_S/src/Lab3_BUCUR_S.v Line: 25
    Warning (13410): Pin "sum_digit[0]" is stuck at GND File: C:/intelFPGA_lite/18.1/Lab3_BUCUR_S/src/Lab3_BUCUR_S.v Line: 25
    Warning (13410): Pin "sum_digit[1]" is stuck at GND File: C:/intelFPGA_lite/18.1/Lab3_BUCUR_S/src/Lab3_BUCUR_S.v Line: 25
    Warning (13410): Pin "sum_digit[2]" is stuck at GND File: C:/intelFPGA_lite/18.1/Lab3_BUCUR_S/src/Lab3_BUCUR_S.v Line: 25
    Warning (13410): Pin "sum_digit[3]" is stuck at GND File: C:/intelFPGA_lite/18.1/Lab3_BUCUR_S/src/Lab3_BUCUR_S.v Line: 25
    Warning (13410): Pin "sum_digit[4]" is stuck at GND File: C:/intelFPGA_lite/18.1/Lab3_BUCUR_S/src/Lab3_BUCUR_S.v Line: 25
    Warning (13410): Pin "sum_digit[5]" is stuck at GND File: C:/intelFPGA_lite/18.1/Lab3_BUCUR_S/src/Lab3_BUCUR_S.v Line: 25
    Warning (13410): Pin "sum_digit[6]" is stuck at VCC File: C:/intelFPGA_lite/18.1/Lab3_BUCUR_S/src/Lab3_BUCUR_S.v Line: 25
    Warning (13410): Pin "sum_status[0]" is stuck at GND File: C:/intelFPGA_lite/18.1/Lab3_BUCUR_S/src/Lab3_BUCUR_S.v Line: 26
    Warning (13410): Pin "sum_status[1]" is stuck at VCC File: C:/intelFPGA_lite/18.1/Lab3_BUCUR_S/src/Lab3_BUCUR_S.v Line: 26
Info (286030): Timing-Driven Synthesis is running
Info (17049): 4 registers lost all their fanouts during netlist optimizations.
Info (16010): Generating hard_block partition "hard_block:auto_generated_inst"
    Info (16011): Adding 0 node(s), including 0 DDIO, 0 PLL, 0 transceiver and 0 LCELL
Warning (21074): Design contains 6 input pin(s) that do not drive logic
    Warning (15610): No output dependent on input pin "bot_sel" File: C:/intelFPGA_lite/18.1/Lab3_BUCUR_S/src/Lab3_BUCUR_S.v Line: 23
    Warning (15610): No output dependent on input pin "player_sel" File: C:/intelFPGA_lite/18.1/Lab3_BUCUR_S/src/Lab3_BUCUR_S.v Line: 23
    Warning (15610): No output dependent on input pin "player_data[0]" File: C:/intelFPGA_lite/18.1/Lab3_BUCUR_S/src/Lab3_BUCUR_S.v Line: 21
    Warning (15610): No output dependent on input pin "player_data[1]" File: C:/intelFPGA_lite/18.1/Lab3_BUCUR_S/src/Lab3_BUCUR_S.v Line: 21
    Warning (15610): No output dependent on input pin "player_data[2]" File: C:/intelFPGA_lite/18.1/Lab3_BUCUR_S/src/Lab3_BUCUR_S.v Line: 21
    Warning (15610): No output dependent on input pin "player_data[3]" File: C:/intelFPGA_lite/18.1/Lab3_BUCUR_S/src/Lab3_BUCUR_S.v Line: 21
Info (21057): Implemented 212 device resources after synthesis - the final resource count might be different
    Info (21058): Implemented 21 input pins
    Info (21059): Implemented 40 output pins
    Info (21061): Implemented 151 logic cells
Info: Quartus Prime Analysis & Synthesis was successful. 0 errors, 43 warnings
    Info: Peak virtual memory: 4828 megabytes
    Info: Processing ended: Sat Mar 07 02:36:11 2020
    Info: Elapsed time: 00:00:11
    Info: Total CPU time (on all processors): 00:00:22


