------------------------------------------------------------
Timing Analyzer Summary
------------------------------------------------------------

Type  : Slow 1200mV 85C Model Setup 'CLOCK'
Slack : -3.357
TNS   : -116.759

Type  : Slow 1200mV 85C Model Setup 'secTimer:timer_clk|cnt1000:counter|pulse_sec'
Slack : -2.341
TNS   : -12.612

Type  : Slow 1200mV 85C Model Setup 'digitTimer_2:timer|digitTimer:ones|borrow_up'
Slack : -1.850
TNS   : -10.832

Type  : Slow 1200mV 85C Model Setup 'secTimer:timer_clk|timer_1ms:timer|pulse_1ms'
Slack : -1.421
TNS   : -14.329

Type  : Slow 1200mV 85C Model Hold 'digitTimer_2:timer|digitTimer:ones|borrow_up'
Slack : 0.272
TNS   : 0.000

Type  : Slow 1200mV 85C Model Hold 'CLOCK'
Slack : 0.401
TNS   : 0.000

Type  : Slow 1200mV 85C Model Hold 'secTimer:timer_clk|timer_1ms:timer|pulse_1ms'
Slack : 0.548
TNS   : 0.000

Type  : Slow 1200mV 85C Model Hold 'secTimer:timer_clk|cnt1000:counter|pulse_sec'
Slack : 0.607
TNS   : 0.000

Type  : Slow 1200mV 85C Model Recovery 'secTimer:timer_clk|cnt1000:counter|pulse_sec'
Slack : 0.269
TNS   : 0.000

Type  : Slow 1200mV 85C Model Recovery 'digitTimer_2:timer|digitTimer:ones|borrow_up'
Slack : 0.449
TNS   : 0.000

Type  : Slow 1200mV 85C Model Removal 'digitTimer_2:timer|digitTimer:ones|borrow_up'
Slack : -0.385
TNS   : -2.309

Type  : Slow 1200mV 85C Model Removal 'secTimer:timer_clk|cnt1000:counter|pulse_sec'
Slack : -0.302
TNS   : -1.812

Type  : Slow 1200mV 85C Model Minimum Pulse Width 'CLOCK'
Slack : -3.000
TNS   : -58.255

Type  : Slow 1200mV 85C Model Minimum Pulse Width 'secTimer:timer_clk|timer_1ms:timer|pulse_1ms'
Slack : -1.285
TNS   : -14.135

Type  : Slow 1200mV 85C Model Minimum Pulse Width 'digitTimer_2:timer|digitTimer:ones|borrow_up'
Slack : -1.285
TNS   : -7.710

Type  : Slow 1200mV 85C Model Minimum Pulse Width 'secTimer:timer_clk|cnt1000:counter|pulse_sec'
Slack : -1.285
TNS   : -7.710

Type  : Slow 1200mV 85C Model Minimum Pulse Width 'access:acc_ctl|reconf'
Slack : 0.457
TNS   : 0.000

Type  : Slow 1200mV 0C Model Setup 'CLOCK'
Slack : -3.019
TNS   : -103.891

Type  : Slow 1200mV 0C Model Setup 'secTimer:timer_clk|cnt1000:counter|pulse_sec'
Slack : -2.088
TNS   : -11.230

Type  : Slow 1200mV 0C Model Setup 'digitTimer_2:timer|digitTimer:ones|borrow_up'
Slack : -1.646
TNS   : -9.587

Type  : Slow 1200mV 0C Model Setup 'secTimer:timer_clk|timer_1ms:timer|pulse_1ms'
Slack : -1.204
TNS   : -12.054

Type  : Slow 1200mV 0C Model Hold 'digitTimer_2:timer|digitTimer:ones|borrow_up'
Slack : 0.222
TNS   : 0.000

Type  : Slow 1200mV 0C Model Hold 'CLOCK'
Slack : 0.353
TNS   : 0.000

Type  : Slow 1200mV 0C Model Hold 'secTimer:timer_clk|timer_1ms:timer|pulse_1ms'
Slack : 0.485
TNS   : 0.000

Type  : Slow 1200mV 0C Model Hold 'secTimer:timer_clk|cnt1000:counter|pulse_sec'
Slack : 0.540
TNS   : 0.000

Type  : Slow 1200mV 0C Model Recovery 'secTimer:timer_clk|cnt1000:counter|pulse_sec'
Slack : 0.324
TNS   : 0.000

Type  : Slow 1200mV 0C Model Recovery 'digitTimer_2:timer|digitTimer:ones|borrow_up'
Slack : 0.447
TNS   : 0.000

Type  : Slow 1200mV 0C Model Removal 'digitTimer_2:timer|digitTimer:ones|borrow_up'
Slack : -0.346
TNS   : -2.074

Type  : Slow 1200mV 0C Model Removal 'secTimer:timer_clk|cnt1000:counter|pulse_sec'
Slack : -0.305
TNS   : -1.829

Type  : Slow 1200mV 0C Model Minimum Pulse Width 'CLOCK'
Slack : -3.000
TNS   : -58.255

Type  : Slow 1200mV 0C Model Minimum Pulse Width 'secTimer:timer_clk|timer_1ms:timer|pulse_1ms'
Slack : -1.285
TNS   : -14.135

Type  : Slow 1200mV 0C Model Minimum Pulse Width 'digitTimer_2:timer|digitTimer:ones|borrow_up'
Slack : -1.285
TNS   : -7.710

Type  : Slow 1200mV 0C Model Minimum Pulse Width 'secTimer:timer_clk|cnt1000:counter|pulse_sec'
Slack : -1.285
TNS   : -7.710

Type  : Slow 1200mV 0C Model Minimum Pulse Width 'access:acc_ctl|reconf'
Slack : 0.465
TNS   : 0.000

Type  : Fast 1200mV 0C Model Setup 'CLOCK'
Slack : -1.097
TNS   : -35.913

Type  : Fast 1200mV 0C Model Setup 'secTimer:timer_clk|cnt1000:counter|pulse_sec'
Slack : -0.999
TNS   : -5.285

Type  : Fast 1200mV 0C Model Setup 'digitTimer_2:timer|digitTimer:ones|borrow_up'
Slack : -0.466
TNS   : -2.480

Type  : Fast 1200mV 0C Model Setup 'secTimer:timer_clk|timer_1ms:timer|pulse_1ms'
Slack : -0.155
TNS   : -1.128

Type  : Fast 1200mV 0C Model Hold 'digitTimer_2:timer|digitTimer:ones|borrow_up'
Slack : 0.075
TNS   : 0.000

Type  : Fast 1200mV 0C Model Hold 'CLOCK'
Slack : 0.181
TNS   : 0.000

Type  : Fast 1200mV 0C Model Hold 'secTimer:timer_clk|timer_1ms:timer|pulse_1ms'
Slack : 0.250
TNS   : 0.000

Type  : Fast 1200mV 0C Model Hold 'secTimer:timer_clk|cnt1000:counter|pulse_sec'
Slack : 0.258
TNS   : 0.000

Type  : Fast 1200mV 0C Model Recovery 'secTimer:timer_clk|cnt1000:counter|pulse_sec'
Slack : 0.324
TNS   : 0.000

Type  : Fast 1200mV 0C Model Recovery 'digitTimer_2:timer|digitTimer:ones|borrow_up'
Slack : 0.499
TNS   : 0.000

Type  : Fast 1200mV 0C Model Removal 'digitTimer_2:timer|digitTimer:ones|borrow_up'
Slack : -0.224
TNS   : -1.344

Type  : Fast 1200mV 0C Model Removal 'secTimer:timer_clk|cnt1000:counter|pulse_sec'
Slack : -0.135
TNS   : -0.809

Type  : Fast 1200mV 0C Model Minimum Pulse Width 'CLOCK'
Slack : -3.000
TNS   : -49.054

Type  : Fast 1200mV 0C Model Minimum Pulse Width 'secTimer:timer_clk|timer_1ms:timer|pulse_1ms'
Slack : -1.000
TNS   : -11.000

Type  : Fast 1200mV 0C Model Minimum Pulse Width 'digitTimer_2:timer|digitTimer:ones|borrow_up'
Slack : -1.000
TNS   : -6.000

Type  : Fast 1200mV 0C Model Minimum Pulse Width 'secTimer:timer_clk|cnt1000:counter|pulse_sec'
Slack : -1.000
TNS   : -6.000

Type  : Fast 1200mV 0C Model Minimum Pulse Width 'access:acc_ctl|reconf'
Slack : 0.427
TNS   : 0.000

------------------------------------------------------------
